[rey-fluid-demo.squarespace.com/index.html]
[backblue.gif]
[fade.gif]
[index.html]
[assets.squarespace.com/@sqs/polyfiller/1.6/legacy.js]
[assets.squarespace.com/@sqs/polyfiller/1.6/modern.js]
[use.typekit.net/ik/E2IJLNQ39hobg8omIoAStcN8p7WisFA23vzBecR5q5Cfe79IfFHN4UJLFRbh52jhWDjkFeJuw2FqZeFRFhbkFhwUZQg8FAFcZsnKMKG0jAFu-WsoShFGZAsude80ZkoRdhXCHKoyjamTiY8Djhy8ZYmC-Ao1Oco8if37OcBDOcu8OfG]
[assets.squarespace.com/universal/scripts-compressed/extract-css-runtime-0890574d3b65c5531de6a-min.en-US.js]
[assets.squarespace.com/universal/scripts-compressed/cldr-resource-pack-c6a38111aec507149cb3d-min.en-US.js]
[assets.squarespace.com/universal/scripts-compressed/extract-css-moment-js-vendor-5082e2dab696b020ac83a-min.en-US.js]
[assets.squarespace.com/universal/scripts-compressed/common-vendors-stable-fd2acc815706e38fcfdf0-min.en-US.js]
[assets.squarespace.com/universal/scripts-compressed/sign-up-pill-c99474bc4700b27a3c402-min.en-US.js]
[assets.squarespace.com/universal/styles-compressed/sign-up-pill-cae92d93bbe09adc53ba7-min.en-US.css]
[assets.squarespace.com/universal/scripts-compressed/common-vendors-9be587ebca244effdeb74-min.en-US.js]
[assets.squarespace.com/universal/scripts-compressed/performance-583aaa5ee6ef2ffadfe40-min.en-US.js]
[static1.squarespace.com/static/versioned-site-css/624b503ddcc7d27c1e0e5cfe/11/5c5a519771c10ba3470d8101/624b503ddcc7d27c1e0e5d38/1342/site.css]
[rey-fluid-demo.squarespace.com/cart.html]
[assets.squarespace.com/universal/scripts-compressed/common-aea72b3ab4c6323de4369-min.en-US.js]
[assets.squarespace.com/universal/scripts-compressed/error-reporter-ad72075388f094990a3b7-min.en-US.js]
[rey-fluid-demo.squarespace.com/when-where.html]
[rey-fluid-demo.squarespace.com/rsvp.html]
[images.squarespace-cdn.com/content/v1/624b503ddcc7d27c1e0e5cfe/1649102910534-UGCHPPF027CKKEOYKTLH/2-goop.jpg]
[images.squarespace-cdn.com/content/v1/624b503ddcc7d27c1e0e5cfe/c210ace7-3759-4dcb-b633-45ddd647ccb6/4-vogue.jpg]
[images.squarespace-cdn.com/content/v1/624b503ddcc7d27c1e0e5cfe/1649102910542-P8UFNCR5LU9XR2K70HLF/4-vogue.jpg]
[images.squarespace-cdn.com/content/v1/624b503ddcc7d27c1e0e5cfe/ed6e60ca-9088-4acc-8908-87d9f34337ee/3-byrdie.jpg]
[images.squarespace-cdn.com/content/v1/624b503ddcc7d27c1e0e5cfe/1649102910551-5BBQVGPVLKU4G6EOTVNZ/3-byrdie.jpg]
[images.squarespace-cdn.com/content/v1/624b503ddcc7d27c1e0e5cfe/3dc0e364-b414-41ad-88ff-da45540e96b6/2-goop.jpg]
[rey-fluid-demo.squarespace.com/index.html]
[assets.squarespace.com/universal/styles-compressed/sign-up-pill-cae92d93bbe09adc53ba7-min.en-US.css]
[assets.squarespace.com/universal/images-v6/damask/error-dark.png]
[static1.squarespace.com/static/vta/5c5a519771c10ba3470d8101/scripts/site-bundle.2d8858575a6ee4aa48cc22252927a5f9.js]
[assets.squarespace.com/universal/images-v6/damask/error-dark@2x.png]
[assets.squarespace.com/universal/images-v6/damask/play-button.png]
[assets.squarespace.com/universal/images-v6/damask/play-button@2x.png]
[assets.squarespace.com/universal/images-v6/damask/edit-aviary-light.png]
[assets.squarespace.com/universal/images-v6/damask/edit-aviary-light@2x.png]
[assets.squarespace.com/universal/images-v6/damask/edit-info-light.png]
[assets.squarespace.com/universal/images-v6/damask/edit-info-light@2x.png]
[assets.squarespace.com/universal/images-v6/damask/trash-9-light.png]
[assets.squarespace.com/universal/images-v6/damask/trash-9-light@2x.png]
[assets.squarespace.com/universal/images-v6/damask/trash-9-red.png]
[assets.squarespace.com/universal/images-v6/damask/trash-9-red@2x.png]
[assets.squarespace.com/universal/images-v6/damask/getty-16-light.png]
[assets.squarespace.com/universal/images-v6/damask/getty-32-light.png]
[assets.squarespace.com/universal/images-v6/damask/shopping-cart-16-light.png]
[assets.squarespace.com/universal/images-v6/damask/shopping-cart-32-light.png]
[static1.squarespace.com/universal/images-v6/icons/block-indicator-dark.png]
[static1.squarespace.com/universal/images-v6/icons/block-indicator-dark@2x.png]
[static1.squarespace.com/universal/images-v6/icons/opentable-icons.png]
[static1.squarespace.com/universal/images-v6/icons/icon-searchqueries-20-dark.png]
[static1.squarespace.com/universal/images-v6/icons/icon-searchqueries-20-light.png]
[assets.squarespace.com/universal/images-v6/icons/icon-video-24-light-solid.png]
[assets.squarespace.com/universal/images-v6/standard/icon_close_7_light.png]
[assets.squarespace.com/universal/images-v6/icons/icon-settings-16-light.png]
[static1.squarespace.com/static/versioned-site-css/624b503ddcc7d27c1e0e5cfe/11/5c5a519771c10ba3470d8101/624b503ddcc7d27c1e0e5d38/1342/site.css]
[assets.squarespace.com/universal/scripts-compressed/extract-css-runtime-f7e40af28c468df5dbea9-min.en-US.js]
[rey-fluid-demo.squarespace.com/cart.html]
[assets.squarespace.com/universal/scripts-compressed/extract-css-runtime-6bd195339def04b83e6f0-min.en-US.js]
[assets.squarespace.com/universal/scripts-compressed/common-94f1304dca2cc0bb689f8-min.en-US.js]
[assets.squarespace.com/universal/scripts-compressed/common-vendors-1e40c2d559aaea1e42779-min.en-US.js]
[rey-fluid-demo.squarespace.com/when-where.html]
[assets.squarespace.com/universal/scripts-compressed/extract-css-runtime-3069d0460ab08948a3020-min.en-US.js]
[assets.squarespace.com/universal/scripts-compressed/error-reporter-2afcd0622d9d1124d6a84-min.en-US.js]
[assets.squarespace.com/universal/scripts-compressed/performance-2b31864e00dd18f9fadd4-min.en-US.js]
[assets.squarespace.com/universal/scripts-compressed/common-74fbe0c8fb912694225fe-min.en-US.js]
[rey-fluid-demo.squarespace.com/rsvp.html]
[assets.squarespace.com/universal/scripts-compressed/error-reporter-4aa9abe38b2e0c82e9263-min.en-US.js]
[assets.squarespace.com/universal/scripts-compressed/common-df2ffd2200992044779b2-min.en-US.js]
[assets.squarespace.com/universal/scripts-compressed/commerce-checkout-367a6aedadd8cc8a8bebf-min.en-US.js]
